2025-08-28T17:26:32.412+0200 [NOTICE] pid=3576: Listening on /tmp/udb.sock
2025-08-28T17:26:39.820+0200 [DEBUG] pid=3576: poll() unblocked
2025-08-28T17:26:39.820+0200 [DEBUG] pid=3576: Registered client idx=1 (fd=5)
2025-08-28T17:26:39.820+0200 [DEBUG] pid=3576: Registered client idx=2 (fd=6)
2025-08-28T17:26:39.820+0200 [DEBUG] pid=3576: Registered client idx=3 (fd=7)
2025-08-28T17:26:39.820+0200 [DEBUG] pid=3576: Registered client idx=4 (fd=8)
2025-08-28T17:26:39.820+0200 [DEBUG] pid=3576: Registered client idx=5 (fd=9)
2025-08-28T17:26:39.820+0200 [DEBUG] pid=3576: Registered client idx=6 (fd=10)
2025-08-28T17:26:39.820+0200 [DEBUG] pid=3576: Registered client idx=7 (fd=11)
2025-08-28T17:26:39.820+0200 [DEBUG] pid=3576: Registered client idx=8 (fd=12)
2025-08-28T17:26:39.820+0200 [DEBUG] pid=3576: Registered client idx=9 (fd=13)
2025-08-28T17:26:39.820+0200 [DEBUG] pid=3576: Registered client idx=10 (fd=14)
2025-08-28T17:26:39.820+0200 [DEBUG] pid=3576: poll() unblocked
2025-08-28T17:26:39.820+0200 [DEBUG] pid=3576: POLLIN on idx=1
2025-08-28T17:26:39.820+0200 [DEBUG] pid=3576: client[1]: hello nr. 0
2025-08-28T17:26:39.820+0200 [DEBUG] pid=3576: POLLIN on idx=2
2025-08-28T17:26:39.820+0200 [DEBUG] pid=3576: client[2]: hello nr. 1
2025-08-28T17:26:39.820+0200 [DEBUG] pid=3576: POLLIN on idx=3
2025-08-28T17:26:39.820+0200 [DEBUG] pid=3576: client[3]: hello nr. 2
2025-08-28T17:26:39.820+0200 [DEBUG] pid=3576: POLLIN on idx=4
2025-08-28T17:26:39.820+0200 [DEBUG] pid=3576: client[4]: hello nr. 3
2025-08-28T17:26:39.820+0200 [DEBUG] pid=3576: POLLIN on idx=5
2025-08-28T17:26:39.820+0200 [DEBUG] pid=3576: client[5]: hello nr. 4
2025-08-28T17:26:39.820+0200 [DEBUG] pid=3576: POLLIN on idx=6
2025-08-28T17:26:39.820+0200 [DEBUG] pid=3576: client[6]: hello nr. 5
2025-08-28T17:26:39.820+0200 [DEBUG] pid=3576: POLLIN on idx=7
2025-08-28T17:26:39.820+0200 [DEBUG] pid=3576: client[7]: hello nr. 6
2025-08-28T17:26:39.820+0200 [DEBUG] pid=3576: POLLIN on idx=8
2025-08-28T17:26:39.820+0200 [DEBUG] pid=3576: client[8]: hello nr. 7
2025-08-28T17:26:39.820+0200 [DEBUG] pid=3576: POLLIN on idx=9
2025-08-28T17:26:39.820+0200 [DEBUG] pid=3576: client[9]: hello nr. 8
2025-08-28T17:26:39.820+0200 [DEBUG] pid=3576: POLLIN on idx=10
2025-08-28T17:26:39.820+0200 [DEBUG] pid=3576: client[10]: hello nr. 9
2025-08-28T17:26:39.820+0200 [DEBUG] pid=3576: poll() unblocked
2025-08-28T17:26:39.820+0200 [DEBUG] pid=3576: POLLOUT on idx=1
2025-08-28T17:26:39.820+0200 [DEBUG] pid=3576: Unregistered idx=1
2025-08-28T17:26:39.820+0200 [DEBUG] pid=3576: POLLOUT on idx=1
2025-08-28T17:26:39.820+0200 [DEBUG] pid=3576: Unregistered idx=1
2025-08-28T17:26:39.821+0200 [DEBUG] pid=3576: POLLOUT on idx=1
2025-08-28T17:26:39.821+0200 [DEBUG] pid=3576: Unregistered idx=1
2025-08-28T17:26:39.821+0200 [DEBUG] pid=3576: POLLOUT on idx=1
2025-08-28T17:26:39.821+0200 [DEBUG] pid=3576: Unregistered idx=1
2025-08-28T17:26:39.821+0200 [DEBUG] pid=3576: POLLOUT on idx=1
2025-08-28T17:26:39.821+0200 [DEBUG] pid=3576: Unregistered idx=1
2025-08-28T17:26:39.821+0200 [DEBUG] pid=3576: POLLOUT on idx=1
2025-08-28T17:26:39.821+0200 [DEBUG] pid=3576: Unregistered idx=1
2025-08-28T17:26:39.821+0200 [DEBUG] pid=3576: POLLOUT on idx=1
2025-08-28T17:26:39.821+0200 [DEBUG] pid=3576: Unregistered idx=1
2025-08-28T17:26:39.821+0200 [DEBUG] pid=3576: POLLOUT on idx=1
2025-08-28T17:26:39.821+0200 [DEBUG] pid=3576: Unregistered idx=1
2025-08-28T17:26:39.821+0200 [DEBUG] pid=3576: POLLOUT on idx=1
2025-08-28T17:26:39.821+0200 [DEBUG] pid=3576: Unregistered idx=1
2025-08-28T17:26:39.821+0200 [DEBUG] pid=3576: POLLOUT on idx=1
2025-08-28T17:26:39.821+0200 [DEBUG] pid=3576: Unregistered idx=1
2025-08-28T17:26:54.885+0200 [DEBUG] pid=3576: poll() unblocked
2025-08-28T17:26:54.885+0200 [DEBUG] pid=3576: Registered client idx=1 (fd=5)
2025-08-28T17:26:54.885+0200 [DEBUG] pid=3576: Registered client idx=2 (fd=6)
2025-08-28T17:26:54.885+0200 [DEBUG] pid=3576: Registered client idx=3 (fd=7)
2025-08-28T17:26:54.885+0200 [DEBUG] pid=3576: Registered client idx=4 (fd=8)
2025-08-28T17:26:54.885+0200 [DEBUG] pid=3576: Registered client idx=5 (fd=9)
2025-08-28T17:26:54.885+0200 [DEBUG] pid=3576: Registered client idx=6 (fd=10)
2025-08-28T17:26:54.885+0200 [DEBUG] pid=3576: Registered client idx=7 (fd=11)
2025-08-28T17:26:54.885+0200 [DEBUG] pid=3576: Registered client idx=8 (fd=12)
2025-08-28T17:26:54.885+0200 [DEBUG] pid=3576: Registered client idx=9 (fd=13)
2025-08-28T17:26:54.885+0200 [DEBUG] pid=3576: Registered client idx=10 (fd=14)
2025-08-28T17:26:54.885+0200 [DEBUG] pid=3576: poll() unblocked
2025-08-28T17:26:54.885+0200 [DEBUG] pid=3576: POLLIN on idx=1
2025-08-28T17:26:54.885+0200 [DEBUG] pid=3576: client[1]: hello nr. 0
2025-08-28T17:26:54.885+0200 [DEBUG] pid=3576: POLLIN on idx=2
2025-08-28T17:26:54.885+0200 [DEBUG] pid=3576: client[2]: hello nr. 1
2025-08-28T17:26:54.885+0200 [DEBUG] pid=3576: POLLIN on idx=3
2025-08-28T17:26:54.885+0200 [DEBUG] pid=3576: client[3]: hello nr. 2
2025-08-28T17:26:54.885+0200 [DEBUG] pid=3576: POLLIN on idx=4
2025-08-28T17:26:54.885+0200 [DEBUG] pid=3576: client[4]: hello nr. 3
2025-08-28T17:26:54.885+0200 [DEBUG] pid=3576: POLLIN on idx=5
2025-08-28T17:26:54.885+0200 [DEBUG] pid=3576: client[5]: hello nr. 4
2025-08-28T17:26:54.885+0200 [DEBUG] pid=3576: POLLIN on idx=6
2025-08-28T17:26:54.885+0200 [DEBUG] pid=3576: client[6]: hello nr. 5
2025-08-28T17:26:54.885+0200 [DEBUG] pid=3576: POLLIN on idx=7
2025-08-28T17:26:54.885+0200 [DEBUG] pid=3576: client[7]: hello nr. 6
2025-08-28T17:26:54.885+0200 [DEBUG] pid=3576: POLLIN on idx=8
2025-08-28T17:26:54.885+0200 [DEBUG] pid=3576: client[8]: hello nr. 7
2025-08-28T17:26:54.885+0200 [DEBUG] pid=3576: POLLIN on idx=9
2025-08-28T17:26:54.885+0200 [DEBUG] pid=3576: client[9]: hello nr. 8
2025-08-28T17:26:54.885+0200 [DEBUG] pid=3576: POLLIN on idx=10
2025-08-28T17:26:54.885+0200 [DEBUG] pid=3576: client[10]: hello nr. 9
2025-08-28T17:26:54.885+0200 [DEBUG] pid=3576: poll() unblocked
2025-08-28T17:26:54.885+0200 [DEBUG] pid=3576: POLLOUT on idx=1
2025-08-28T17:26:54.885+0200 [DEBUG] pid=3576: Unregistered idx=1
2025-08-28T17:26:54.885+0200 [DEBUG] pid=3576: POLLOUT on idx=1
2025-08-28T17:26:54.885+0200 [DEBUG] pid=3576: Unregistered idx=1
2025-08-28T17:26:54.885+0200 [DEBUG] pid=3576: POLLOUT on idx=1
2025-08-28T17:26:54.885+0200 [DEBUG] pid=3576: Unregistered idx=1
2025-08-28T17:26:54.885+0200 [DEBUG] pid=3576: POLLOUT on idx=1
2025-08-28T17:26:54.885+0200 [DEBUG] pid=3576: Unregistered idx=1
2025-08-28T17:26:54.885+0200 [DEBUG] pid=3576: POLLOUT on idx=1
2025-08-28T17:26:54.885+0200 [DEBUG] pid=3576: Unregistered idx=1
2025-08-28T17:26:54.885+0200 [DEBUG] pid=3576: POLLOUT on idx=1
2025-08-28T17:26:54.885+0200 [DEBUG] pid=3576: Unregistered idx=1
2025-08-28T17:26:54.885+0200 [DEBUG] pid=3576: POLLOUT on idx=1
2025-08-28T17:26:54.885+0200 [DEBUG] pid=3576: Unregistered idx=1
2025-08-28T17:26:54.885+0200 [DEBUG] pid=3576: POLLOUT on idx=1
2025-08-28T17:26:54.885+0200 [DEBUG] pid=3576: Unregistered idx=1
2025-08-28T17:26:54.885+0200 [DEBUG] pid=3576: POLLOUT on idx=1
2025-08-28T17:26:54.885+0200 [DEBUG] pid=3576: Unregistered idx=1
2025-08-28T17:26:54.885+0200 [DEBUG] pid=3576: POLLOUT on idx=1
2025-08-28T17:26:54.885+0200 [DEBUG] pid=3576: Unregistered idx=1
2025-08-28T17:26:59.536+0200 [NOTICE] pid=3576: Signal [2] received. Flipping quit flag.
2025-08-28T17:26:59.536+0200 [DEBUG] pid=3576: poll() unblocked
2025-08-28T17:26:59.536+0200 [DEBUG] pid=3576: Main loop break
2025-08-28T17:26:59.536+0200 [DEBUG] pid=3576: Deinit done - about to close
